---
source: crates/oxicode-tui/src/app.rs
assertion_line: 2574
expression: rendered.as_str()
---
" ○ Ready  anthropic  claude-sonnet-4-20250514  ↑0 ↓0  $0.0000  0s [ask]         "
"┌ Conversation ────────────────────────────────────────────────────────────────│"
"│▏   Line 19                                                                   │"
"│                                                                              │"
"│ ────────────────────────────────────────────────────────────                 │"
"│                                                                              │"
"│◆ Assistant                                                                   │"
"│  Answer 19                                                                   │"
"│                                                                              │"
"│ ────────────────────────────────────────────────────────────                 │"
"│                                                                              │"
"│▏ ❯ You                                                                       │"
"│▏   Line 20                                                                   │"
"│                                                                              │"
"│ ────────────────────────────────────────────────────────────                 │"
"│                                                                              │"
"│◆ Assistant                                                                   │"
"│  Answer 20                                                                   │"
"│                                                                              │"
"│                                                                              █"
"└──────────────────────────────────────────────────────────────────────────────█"
"┌ Input (Enter to send, Alt+Enter for newline) ────────────────────────────────┐"
"│Type your message...                                                          │"
"└──────────────────────────────────────────────────────────────────────────────┘"
