---
source: crates/oxicode-tui/src/app.rs
expression: rendered.as_str()
---
" ○ Ready  anthropic  claude-sonnet-4-202"
"┌ Conversation ────────────────────────│"
"│  AAAAAAAAAAAAAAAAAAAAAAAAAAAAAAAAAAAA│"
"│AAAAAAAAAAAAAAAAAAAAAAAAAAAAAAAAAAAAAA│"
"│AAAAAAAAAAAAAAAAAAAAAAAAAAAAAAAAAAAAAA█"
"│AAAAAAAAAAAAAAAAAAAAAAAAAAAAAAAAAAAAAA█"
"│AAAAAAAAAAAAAAAAAAAAAAAAAAAAAAAAAAAAAA█"
"│AAAAAAAAAAAA                          █"
"│                                      █"
"│▏ ❯ You                               █"
"│▏   Final question                    █"
"│                                      █"
"│◆ Assistant                           █"
"│  Final answer here                   █"
"│                                      █"
"│                                      █"
"└──────────────────────────────────────█"
"┌ Input (Enter to send, Alt+Enter for n┐"
"│Type your message...                  │"
"└──────────────────────────────────────┘"
