---
source: crates/oxicode-tui/src/app.rs
expression: rendered.as_str()
---
" ○ Ready  anthropic  claude-sonnet-4-20250514  ↑0 ↓0  $0.0000  [ask]            "
"┌ Conversation ────────────────────────────────────────────────────────────────│"
"│  │ OxiCode v0.1.0 │                                                          █"
"│  ╰────────────────╯                                                          █"
"│                                                                              █"
"│  Rust-powered AI coding agent                                                █"
"│                                                                              █"
"│  Model: claude-sonnet-4-20250514                                             █"
"│  Project:                                                                    █"
"│                                                                              █"
"│  Quick Start                                                                 █"
"│  ───────────                                                                 █"
"│  Enter       Send message                                                    █"
"│  Alt+Enter   New line                                                        █"
"│  /help       Show commands                                                   █"
"│  Ctrl+C      Interrupt / Quit                                                █"
"│  ?           Keyboard shortcuts                                              █"
"│                                                                              █"
"│                                                                              █"
"│                                                                              █"
"└──────────────────────────────────────────────────────────────────────────────█"
"┌ Input (Enter to send, Alt+Enter for newline) ────────────────────────────────┐"
"│Type your message...                                                          │"
"└──────────────────────────────────────────────────────────────────────────────┘"
