---
source: crates/oxicode-tui/src/app.rs
expression: rendered.as_str()
---
" ○ Ready  claude-sonnet-4-20250514  ↑0 ↓0  $0.0000  [ask]                       "
"┌ Conversation ────────────────────────────────────────────────────────────────┐"
"│                                                                              │"
"│         ┌───────────────── ⚠ Permission Required ──────────────────┐         │"
"│         │Tool: bash                                                │         │"
"│         │                                                          │         │"
"│         │Input: echo hello                                         │         │"
"│         │                                                          │         │"
"│         │This command can modify files                             │         │"
"│         │                                                          │         │"
"│         │▸ Allow once (y)                                          │         │"
"│         │  Always allow (a)                                        │         │"
"│         │  Deny (n)                                                │         │"
"│         │  Always deny (N)                                         │         │"
"│         │                                                          │         │"
"│         │                                                          │         │"
"│         │                                                          │         │"
"│         │                                                          │         │"
"│         └──────────────────────────────────────────────────────────┘         │"
"│                                                                              │"
"└──────────────────────────────────────────────────────────────────────────────┘"
"┌ Input (Enter to send, Alt+Enter for newline) ────────────────────────────────┐"
"│Type your message...                                                          │"
"└──────────────────────────────────────────────────────────────────────────────┘"
