---
source: crates/oxicode-tui/src/app.rs
expression: rendered.as_str()
---
" ○ Ready  anthropic  claude-sonnet-4-20250514  ↑0 ↓0  $0.0000  [ask]            "
"┌ Conversation ────────────────────────────────────────────────────────────────│"
"│  │ OxiCo┌───────────────── ⚠ Permission Required ──────────────────┐         █"
"│  ╰──────│Tool: bash                                                │         █"
"│         │                                                          │         █"
"│  Rust-po│Input: echo hello                                         │         █"
"│         │                                                          │         █"
"│  Model: │This command can modify files                             │         █"
"│  Project│                                                          │         █"
"│         │▸ Allow once (y)                                          │         █"
"│  Quick S│  Always allow (a)                                        │         █"
"│  ───────│  Deny (n)                                                │         █"
"│  Enter  │  Always deny (N)                                         │         █"
"│  Alt+Ent│                                                          │         █"
"│  /help  │  ↑↓ navigate  Enter confirm  Esc deny                    │         █"
"│  Ctrl+C │                                                          │         █"
"│  ?      │                                                          │         █"
"│         │                                                          │         █"
"│         │                                                          │         █"
"│         └──────────────────────────────────────────────────────────┘         █"
"└──────────────────────────────────────────────────────────────────────────────█"
"┌ Input (Enter to send, Alt+Enter for newline) ────────────────────────────────┐"
"│Type your message...                                                          │"
"└──────────────────────────────────────────────────────────────────────────────┘"
