---
source: crates/oxicode-tui/src/app.rs
assertion_line: 2605
expression: rendered.as_str()
---
" ○ Ready  anthropic  claude-sonnet-4-20250514  ↑0 ↓0  $0.0000  0s [ask]         "
"┌ Conversation ────────────────────────────────────────────────────────────────█"
"│▏ ❯ You                                                                       █"
"│▏   Msg 1                                                                     │"
"│                                                                              │"
"│ ────────────────────────────────────────────────────────────                 │"
"│                                                                              │"
"│◆ Assistant                                                                   │"
"│  Resp 1                                                                      │"
"│                                                                              │"
"│ ────────────────────────────────────────────────────────────                 │"
"│                                                                              │"
"│▏ ❯ You                                                                       │"
"│▏   Msg 2                                                                     │"
"│                                                                              │"
"│ ────────────────────────────────────────────────────────────                 │"
"│                                                                              │"
"│◆ Assistant                                                                   │"
"│  Resp 2                                                                      │"
"│                                                                              │"
"└──────────────────────────────────────────────────────────────────────────────│"
"┌ Input (Enter to send, Alt+Enter for newline) ────────────────────────────────┐"
"│Type your message...                                                          │"
"└──────────────────────────────────────────────────────────────────────────────┘"
